current directory: /Users/andrealanzarone/Desktop/html/Progetto_LabASSI/vendor/bundle/ruby/3.3.0/gems/io-console-0.7.2/ext/io/console
/Users/andrealanzarone/.asdf/installs/ruby/3.3.3/bin/ruby extconf.rb
checking for rb_io_path()... yes
checking for rb_io_descriptor()... yes
checking for rb_io_get_write_io()... yes
checking for rb_io_closed_p()... yes
checking for rb_io_open_descriptor()... yes
checking for termios.h... yes
checking for cfmakeraw() in termios.h... yes
checking for sys/ioctl.h... yes
checking for HAVE_RUBY_FIBER_SCHEDULER_H... yes
creating Makefile

current directory: /Users/andrealanzarone/Desktop/html/Progetto_LabASSI/vendor/bundle/ruby/3.3.0/gems/io-console-0.7.2/ext/io/console
make DESTDIR\= sitearchdir\=./.gem.20260729-14980-kdr91p sitelibdir\=./.gem.20260729-14980-kdr91p clean

current directory: /Users/andrealanzarone/Desktop/html/Progetto_LabASSI/vendor/bundle/ruby/3.3.0/gems/io-console-0.7.2/ext/io/console
make DESTDIR\= sitearchdir\=./.gem.20260729-14980-kdr91p sitelibdir\=./.gem.20260729-14980-kdr91p
compiling console.c
linking shared-object io/console.bundle

current directory: /Users/andrealanzarone/Desktop/html/Progetto_LabASSI/vendor/bundle/ruby/3.3.0/gems/io-console-0.7.2/ext/io/console
make DESTDIR\= sitearchdir\=./.gem.20260729-14980-kdr91p sitelibdir\=./.gem.20260729-14980-kdr91p install
/usr/bin/install -c -m 0755 console.bundle ./.gem.20260729-14980-kdr91p/io

current directory: /Users/andrealanzarone/Desktop/html/Progetto_LabASSI/vendor/bundle/ruby/3.3.0/gems/io-console-0.7.2/ext/io/console
make DESTDIR\= sitearchdir\=./.gem.20260729-14980-kdr91p sitelibdir\=./.gem.20260729-14980-kdr91p clean
