current directory: /Users/andrealanzarone/Desktop/html/Progetto_LabASSI/vendor/bundle/ruby/3.3.0/gems/bcrypt-3.1.20/ext/mri
/Users/andrealanzarone/.asdf/installs/ruby/3.3.3/bin/ruby extconf.rb
creating Makefile

current directory: /Users/andrealanzarone/Desktop/html/Progetto_LabASSI/vendor/bundle/ruby/3.3.0/gems/bcrypt-3.1.20/ext/mri
make DESTDIR\= sitearchdir\=./.gem.20260729-14980-dowv95 sitelibdir\=./.gem.20260729-14980-dowv95 clean

current directory: /Users/andrealanzarone/Desktop/html/Progetto_LabASSI/vendor/bundle/ruby/3.3.0/gems/bcrypt-3.1.20/ext/mri
make DESTDIR\= sitearchdir\=./.gem.20260729-14980-dowv95 sitelibdir\=./.gem.20260729-14980-dowv95
compiling bcrypt_ext.c
bcrypt_ext.c:41:38: warning: implicit conversion loses integer precision: 'long' to 'int' [-Wshorten-64-to-32]
   41 |     args.size   = NIL_P(input) ? 0 : RSTRING_LEN(input);
      |                 ~                    ^~~~~~~~~~~~~~~~~~
/Users/andrealanzarone/.asdf/installs/ruby/3.3.3/include/ruby-3.3.0/ruby/internal/core/rstring.h:46:27: note: expanded from macro 'RSTRING_LEN'
   46 | #define RSTRING_LEN       RSTRING_LEN
      |                           ^
1 warning generated.
compiling crypt_blowfish.c
clang  -D__SKIP_GNU -D_XOPEN_SOURCE -D_DARWIN_C_SOURCE -D_DARWIN_UNLIMITED_SELECT -D_REENTRANT    -c -o x86.o x86.S
compiling crypt_gensalt.c
compiling wrapper.c
wrapper.c:182:60: warning: declaration of 'struct crypt_data' will not be visible outside of this function [-Wvisibility]
  182 | char *crypt_r(const char *key, const char *setting, struct crypt_data *data)
      |                                                            ^
1 warning generated.
linking shared-object bcrypt_ext.bundle

current directory: /Users/andrealanzarone/Desktop/html/Progetto_LabASSI/vendor/bundle/ruby/3.3.0/gems/bcrypt-3.1.20/ext/mri
make DESTDIR\= sitearchdir\=./.gem.20260729-14980-dowv95 sitelibdir\=./.gem.20260729-14980-dowv95 install
/usr/bin/install -c -m 0755 bcrypt_ext.bundle ./.gem.20260729-14980-dowv95

current directory: /Users/andrealanzarone/Desktop/html/Progetto_LabASSI/vendor/bundle/ruby/3.3.0/gems/bcrypt-3.1.20/ext/mri
make DESTDIR\= sitearchdir\=./.gem.20260729-14980-dowv95 sitelibdir\=./.gem.20260729-14980-dowv95 clean
