current directory: /Users/andrealanzarone/Desktop/html/Progetto_LabASSI/vendor/bundle/ruby/3.3.0/gems/puma-6.4.2/ext/puma_http11
/Users/andrealanzarone/.asdf/installs/ruby/3.3.3/bin/ruby extconf.rb
checking for BIO_read() in -llibcrypto... no
checking for BIO_read() in -lcrypto... yes
checking for SSL_CTX_new() in -lssl... yes
checking for openssl/bio.h... yes
checking for DTLS_method() in openssl/ssl.h... yes
checking for SSL_CTX_set_session_cache_mode(NULL, 0) in openssl/ssl.h... yes
checking for TLS_server_method() in openssl/ssl.h... yes
checking for SSL_CTX_set_min_proto_version(NULL, 0) in openssl/ssl.h... yes
checking for X509_STORE_up_ref()... yes
checking for SSL_CTX_set_ecdh_auto(NULL, 0) in openssl/ssl.h... yes
checking for SSL_CTX_set_dh_auto(NULL, 0) in openssl/ssl.h... yes
checking for SSL_get1_peer_certificate() in openssl/ssl.h... yes
checking for Random.bytes... yes
creating Makefile

current directory: /Users/andrealanzarone/Desktop/html/Progetto_LabASSI/vendor/bundle/ruby/3.3.0/gems/puma-6.4.2/ext/puma_http11
make DESTDIR\= sitearchdir\=./.gem.20260729-18420-k1r1qq sitelibdir\=./.gem.20260729-18420-k1r1qq clean

current directory: /Users/andrealanzarone/Desktop/html/Progetto_LabASSI/vendor/bundle/ruby/3.3.0/gems/puma-6.4.2/ext/puma_http11
make DESTDIR\= sitearchdir\=./.gem.20260729-18420-k1r1qq sitelibdir\=./.gem.20260729-18420-k1r1qq
compiling http11_parser.c
compiling mini_ssl.c
compiling puma_http11.c
linking shared-object puma/puma_http11.bundle

current directory: /Users/andrealanzarone/Desktop/html/Progetto_LabASSI/vendor/bundle/ruby/3.3.0/gems/puma-6.4.2/ext/puma_http11
make DESTDIR\= sitearchdir\=./.gem.20260729-18420-k1r1qq sitelibdir\=./.gem.20260729-18420-k1r1qq install
/usr/bin/install -c -m 0755 puma_http11.bundle ./.gem.20260729-18420-k1r1qq/puma

current directory: /Users/andrealanzarone/Desktop/html/Progetto_LabASSI/vendor/bundle/ruby/3.3.0/gems/puma-6.4.2/ext/puma_http11
make DESTDIR\= sitearchdir\=./.gem.20260729-18420-k1r1qq sitelibdir\=./.gem.20260729-18420-k1r1qq clean
