current directory: /Users/andrealanzarone/Desktop/html/Progetto_LabASSI/vendor/bundle/ruby/3.3.0/gems/psych-5.1.2/ext/psych
/Users/andrealanzarone/.asdf/installs/ruby/3.3.3/bin/ruby extconf.rb
checking for pkg-config for yaml-0.1... not found
checking for yaml.h... yes
checking for yaml_get_version() in -lyaml... yes
creating Makefile

current directory: /Users/andrealanzarone/Desktop/html/Progetto_LabASSI/vendor/bundle/ruby/3.3.0/gems/psych-5.1.2/ext/psych
make DESTDIR\= sitearchdir\=./.gem.20260729-18420-85pgzr sitelibdir\=./.gem.20260729-18420-85pgzr clean
cd libyaml && /Library/Developer/CommandLineTools/usr/bin/make clean
/bin/sh: line 0: cd: libyaml: No such file or directory
make: [clean-so] Error 1 (ignored)

current directory: /Users/andrealanzarone/Desktop/html/Progetto_LabASSI/vendor/bundle/ruby/3.3.0/gems/psych-5.1.2/ext/psych
make DESTDIR\= sitearchdir\=./.gem.20260729-18420-85pgzr sitelibdir\=./.gem.20260729-18420-85pgzr
compiling psych.c
compiling psych_emitter.c
compiling psych_parser.c
compiling psych_to_ruby.c
compiling psych_yaml_tree.c
linking shared-object psych.bundle

current directory: /Users/andrealanzarone/Desktop/html/Progetto_LabASSI/vendor/bundle/ruby/3.3.0/gems/psych-5.1.2/ext/psych
make DESTDIR\= sitearchdir\=./.gem.20260729-18420-85pgzr sitelibdir\=./.gem.20260729-18420-85pgzr install
/usr/bin/install -c -m 0755 psych.bundle ./.gem.20260729-18420-85pgzr

current directory: /Users/andrealanzarone/Desktop/html/Progetto_LabASSI/vendor/bundle/ruby/3.3.0/gems/psych-5.1.2/ext/psych
make DESTDIR\= sitearchdir\=./.gem.20260729-18420-85pgzr sitelibdir\=./.gem.20260729-18420-85pgzr clean
cd libyaml && /Library/Developer/CommandLineTools/usr/bin/make clean
/bin/sh: line 0: cd: libyaml: No such file or directory
make: [clean-so] Error 1 (ignored)
