pkg_config: checking for pkg-config for yaml-0.1... -------------------- not found

package configuration for yaml-0.1 is not found
--------------------

find_header: checking for yaml.h... -------------------- yes

DYLD_LIBRARY_PATH=.:/Users/andrealanzarone/.asdf/installs/ruby/3.3.3/lib "clang -o conftest -I/Users/andrealanzarone/.asdf/installs/ruby/3.3.3/include/ruby-3.3.0/x86_64-darwin23 -I/Users/andrealanzarone/.asdf/installs/ruby/3.3.3/include/ruby-3.3.0/ruby/backward -I/Users/andrealanzarone/.asdf/installs/ruby/3.3.3/include/ruby-3.3.0 -I. -I/usr/local/opt/libyaml/include -D_XOPEN_SOURCE -D_DARWIN_C_SOURCE -D_DARWIN_UNLIMITED_SELECT -D_REENTRANT   -fdeclspec -O3 -fno-fast-math -ggdb3 -Wall -Wextra -Wextra-tokens -Wdeprecated-declarations -Wdivision-by-zero -Wdiv-by-zero -Wimplicit-function-declaration -Wimplicit-int -Wpointer-arith -Wshorten-64-to-32 -Wwrite-strings -Wold-style-definition -Wmissing-noreturn -Wno-cast-function-type -Wno-constant-logical-operand -Wno-long-long -Wno-missing-field-initializers -Wno-overlength-strings -Wno-parentheses-equality -Wno-self-assign -Wno-tautological-compare -Wno-unused-parameter -Wno-unused-value -Wunused-variable -Wmisleading-indentation -Wundef  -fno-common -pipe conftest.c  -L. -L/Users/andrealanzarone/.asdf/installs/ruby/3.3.3/lib -L/usr/local/opt/libyaml/lib -L. -fstack-protector-strong     -lruby.3.3  -lpthread  "
checked program was:
/* begin */
1: #include "ruby.h"
2: 
3: int main(int argc, char **argv)
4: {
5:   return !!argv[argc];
6: }
/* end */

DYLD_LIBRARY_PATH=.:/Users/andrealanzarone/.asdf/installs/ruby/3.3.3/lib "clang -I/Users/andrealanzarone/.asdf/installs/ruby/3.3.3/include/ruby-3.3.0/x86_64-darwin23 -I/Users/andrealanzarone/.asdf/installs/ruby/3.3.3/include/ruby-3.3.0/ruby/backward -I/Users/andrealanzarone/.asdf/installs/ruby/3.3.3/include/ruby-3.3.0 -I. -I/usr/local/opt/libyaml/include -D_XOPEN_SOURCE -D_DARWIN_C_SOURCE -D_DARWIN_UNLIMITED_SELECT -D_REENTRANT   -fdeclspec -O3 -fno-fast-math -ggdb3 -Wall -Wextra -Wextra-tokens -Wdeprecated-declarations -Wdivision-by-zero -Wdiv-by-zero -Wimplicit-function-declaration -Wimplicit-int -Wpointer-arith -Wshorten-64-to-32 -Wwrite-strings -Wold-style-definition -Wmissing-noreturn -Wno-cast-function-type -Wno-constant-logical-operand -Wno-long-long -Wno-missing-field-initializers -Wno-overlength-strings -Wno-parentheses-equality -Wno-self-assign -Wno-tautological-compare -Wno-unused-parameter -Wno-unused-value -Wunused-variable -Wmisleading-indentation -Wundef  -fno-common -pipe   -c conftest.c"
checked program was:
/* begin */
1: #include "ruby.h"
2: 
3: #include <yaml.h>
/* end */

--------------------

find_library: checking for yaml_get_version() in -lyaml... -------------------- yes

DYLD_LIBRARY_PATH=.:/Users/andrealanzarone/.asdf/installs/ruby/3.3.3/lib "clang -o conftest -I/Users/andrealanzarone/.asdf/installs/ruby/3.3.3/include/ruby-3.3.0/x86_64-darwin23 -I/Users/andrealanzarone/.asdf/installs/ruby/3.3.3/include/ruby-3.3.0/ruby/backward -I/Users/andrealanzarone/.asdf/installs/ruby/3.3.3/include/ruby-3.3.0 -I. -I/usr/local/opt/libyaml/include -D_XOPEN_SOURCE -D_DARWIN_C_SOURCE -D_DARWIN_UNLIMITED_SELECT -D_REENTRANT   -fdeclspec -O3 -fno-fast-math -ggdb3 -Wall -Wextra -Wextra-tokens -Wdeprecated-declarations -Wdivision-by-zero -Wdiv-by-zero -Wimplicit-function-declaration -Wimplicit-int -Wpointer-arith -Wshorten-64-to-32 -Wwrite-strings -Wold-style-definition -Wmissing-noreturn -Wno-cast-function-type -Wno-constant-logical-operand -Wno-long-long -Wno-missing-field-initializers -Wno-overlength-strings -Wno-parentheses-equality -Wno-self-assign -Wno-tautological-compare -Wno-unused-parameter -Wno-unused-value -Wunused-variable -Wmisleading-indentation -Wundef  -fno-common -pipe conftest.c  -L. -L/Users/andrealanzarone/.asdf/installs/ruby/3.3.3/lib -L/usr/local/opt/libyaml/lib -L. -fstack-protector-strong     -lruby.3.3 -lyaml  -lpthread  "
conftest.c:14:57: error: use of undeclared identifier 'yaml_get_version'
   14 | int t(void) { void ((*volatile p)()); p = (void ((*)()))yaml_get_version; return !p; }
      |                                                         ^
1 error generated.
checked program was:
/* begin */
 1: #include "ruby.h"
 2: 
 3: /*top*/
 4: extern int t(void);
 5: int main(int argc, char **argv)
 6: {
 7:   if (argc > 1000000) {
 8:     int (* volatile tp)(void)=(int (*)(void))&t;
 9:     printf("%d", (*tp)());
10:   }
11: 
12:   return !!argv[argc];
13: }
14: int t(void) { void ((*volatile p)()); p = (void ((*)()))yaml_get_version; return !p; }
/* end */

DYLD_LIBRARY_PATH=.:/Users/andrealanzarone/.asdf/installs/ruby/3.3.3/lib "clang -o conftest -I/Users/andrealanzarone/.asdf/installs/ruby/3.3.3/include/ruby-3.3.0/x86_64-darwin23 -I/Users/andrealanzarone/.asdf/installs/ruby/3.3.3/include/ruby-3.3.0/ruby/backward -I/Users/andrealanzarone/.asdf/installs/ruby/3.3.3/include/ruby-3.3.0 -I. -I/usr/local/opt/libyaml/include -D_XOPEN_SOURCE -D_DARWIN_C_SOURCE -D_DARWIN_UNLIMITED_SELECT -D_REENTRANT   -fdeclspec -O3 -fno-fast-math -ggdb3 -Wall -Wextra -Wextra-tokens -Wdeprecated-declarations -Wdivision-by-zero -Wdiv-by-zero -Wimplicit-function-declaration -Wimplicit-int -Wpointer-arith -Wshorten-64-to-32 -Wwrite-strings -Wold-style-definition -Wmissing-noreturn -Wno-cast-function-type -Wno-constant-logical-operand -Wno-long-long -Wno-missing-field-initializers -Wno-overlength-strings -Wno-parentheses-equality -Wno-self-assign -Wno-tautological-compare -Wno-unused-parameter -Wno-unused-value -Wunused-variable -Wmisleading-indentation -Wundef  -fno-common -pipe conftest.c  -L. -L/Users/andrealanzarone/.asdf/installs/ruby/3.3.3/lib -L/usr/local/opt/libyaml/lib -L. -fstack-protector-strong     -lruby.3.3 -lyaml  -lpthread  "
checked program was:
/* begin */
 1: #include "ruby.h"
 2: 
 3: /*top*/
 4: extern int t(void);
 5: int main(int argc, char **argv)
 6: {
 7:   if (argc > 1000000) {
 8:     int (* volatile tp)(void)=(int (*)(void))&t;
 9:     printf("%d", (*tp)());
10:   }
11: 
12:   return !!argv[argc];
13: }
14: extern void yaml_get_version();
15: int t(void) { yaml_get_version(); return 0; }
/* end */

--------------------

